Archive member included to satisfy reference by file (symbol)

/usr/lib/gcc/arm-none-eabi/10.3.1/../../../arm-none-eabi/lib/thumb/v7e-m+fp/softfp/libc_nano.a(lib_a-atexit.o)
                              /usr/lib/gcc/arm-none-eabi/10.3.1/../../../arm-none-eabi/lib/thumb/v7e-m+fp/softfp/crt0.o (atexit)
/usr/lib/gcc/arm-none-eabi/10.3.1/../../../arm-none-eabi/lib/thumb/v7e-m+fp/softfp/libc_nano.a(lib_a-exit.o)
                              /usr/lib/gcc/arm-none-eabi/10.3.1/../../../arm-none-eabi/lib/thumb/v7e-m+fp/softfp/crt0.o (exit)
/usr/lib/gcc/arm-none-eabi/10.3.1/../../../arm-none-eabi/lib/thumb/v7e-m+fp/softfp/libc_nano.a(lib_a-fini.o)
                              /usr/lib/gcc/arm-none-eabi/10.3.1/../../../arm-none-eabi/lib/thumb/v7e-m+fp/softfp/crt0.o (__libc_fini_array)
/usr/lib/gcc/arm-none-eabi/10.3.1/../../../arm-none-eabi/lib/thumb/v7e-m+fp/softfp/libc_nano.a(lib_a-impure.o)
                              /usr/lib/gcc/arm-none-eabi/10.3.1/../../../arm-none-eabi/lib/thumb/v7e-m+fp/softfp/libc_nano.a(lib_a-exit.o) (_global_impure_ptr)
/usr/lib/gcc/arm-none-eabi/10.3.1/../../../arm-none-eabi/lib/thumb/v7e-m+fp/softfp/libc_nano.a(lib_a-init.o)
                              /usr/lib/gcc/arm-none-eabi/10.3.1/../../../arm-none-eabi/lib/thumb/v7e-m+fp/softfp/crt0.o (__libc_init_array)
/usr/lib/gcc/arm-none-eabi/10.3.1/../../../arm-none-eabi/lib/thumb/v7e-m+fp/softfp/libc_nano.a(lib_a-memset.o)
                              /usr/lib/gcc/arm-none-eabi/10.3.1/../../../arm-none-eabi/lib/thumb/v7e-m+fp/softfp/crt0.o (memset)
/usr/lib/gcc/arm-none-eabi/10.3.1/../../../arm-none-eabi/lib/thumb/v7e-m+fp/softfp/libc_nano.a(lib_a-__atexit.o)
                              /usr/lib/gcc/arm-none-eabi/10.3.1/../../../arm-none-eabi/lib/thumb/v7e-m+fp/softfp/libc_nano.a(lib_a-atexit.o) (__register_exitproc)
/usr/lib/gcc/arm-none-eabi/10.3.1/../../../arm-none-eabi/lib/thumb/v7e-m+fp/softfp/libc_nano.a(lib_a-__call_atexit.o)
                              /usr/lib/gcc/arm-none-eabi/10.3.1/../../../arm-none-eabi/lib/thumb/v7e-m+fp/softfp/libc_nano.a(lib_a-__atexit.o) (__call_exitprocs)
/usr/lib/gcc/arm-none-eabi/10.3.1/../../../arm-none-eabi/lib/thumb/v7e-m+fp/softfp/libnosys.a(_exit.o)
                              /usr/lib/gcc/arm-none-eabi/10.3.1/../../../arm-none-eabi/lib/thumb/v7e-m+fp/softfp/libc_nano.a(lib_a-exit.o) (_exit)

Discarded input sections

 .text          0x0000000000000000        0x0 /usr/lib/gcc/arm-none-eabi/10.3.1/thumb/v7e-m+fp/softfp/crti.o
 .data          0x0000000000000000        0x0 /usr/lib/gcc/arm-none-eabi/10.3.1/thumb/v7e-m+fp/softfp/crti.o
 .bss           0x0000000000000000        0x0 /usr/lib/gcc/arm-none-eabi/10.3.1/thumb/v7e-m+fp/softfp/crti.o
 .data          0x0000000000000000        0x4 /usr/lib/gcc/arm-none-eabi/10.3.1/thumb/v7e-m+fp/softfp/crtbegin.o
 .rodata        0x0000000000000000       0x24 /usr/lib/gcc/arm-none-eabi/10.3.1/thumb/v7e-m+fp/softfp/crtbegin.o
 .text          0x0000000000000000       0x70 /usr/lib/gcc/arm-none-eabi/10.3.1/../../../arm-none-eabi/lib/thumb/v7e-m+fp/softfp/crt0.o
 .data          0x0000000000000000        0x0 /usr/lib/gcc/arm-none-eabi/10.3.1/../../../arm-none-eabi/lib/thumb/v7e-m+fp/softfp/crt0.o
 .bss           0x0000000000000000        0x0 /usr/lib/gcc/arm-none-eabi/10.3.1/../../../arm-none-eabi/lib/thumb/v7e-m+fp/softfp/crt0.o
 .ARM.extab     0x0000000000000000        0x0 /usr/lib/gcc/arm-none-eabi/10.3.1/../../../arm-none-eabi/lib/thumb/v7e-m+fp/softfp/crt0.o
 .ARM.exidx     0x0000000000000000       0x10 /usr/lib/gcc/arm-none-eabi/10.3.1/../../../arm-none-eabi/lib/thumb/v7e-m+fp/softfp/crt0.o
 .debug_line    0x0000000000000000       0x87 /usr/lib/gcc/arm-none-eabi/10.3.1/../../../arm-none-eabi/lib/thumb/v7e-m+fp/softfp/crt0.o
 .debug_info    0x0000000000000000       0x26 /usr/lib/gcc/arm-none-eabi/10.3.1/../../../arm-none-eabi/lib/thumb/v7e-m+fp/softfp/crt0.o
 .debug_abbrev  0x0000000000000000       0x14 /usr/lib/gcc/arm-none-eabi/10.3.1/../../../arm-none-eabi/lib/thumb/v7e-m+fp/softfp/crt0.o
 .debug_aranges
                0x0000000000000000       0x20 /usr/lib/gcc/arm-none-eabi/10.3.1/../../../arm-none-eabi/lib/thumb/v7e-m+fp/softfp/crt0.o
 .debug_str     0x0000000000000000       0x9a /usr/lib/gcc/arm-none-eabi/10.3.1/../../../arm-none-eabi/lib/thumb/v7e-m+fp/softfp/crt0.o
 .ARM.attributes
                0x0000000000000000       0x1c /usr/lib/gcc/arm-none-eabi/10.3.1/../../../arm-none-eabi/lib/thumb/v7e-m+fp/softfp/crt0.o
 .text          0x0000000000000000        0x0 Debug/uart.o
 .data          0x0000000000000000        0x0 Debug/uart.o
 .bss           0x0000000000000000        0x0 Debug/uart.o
 .text          0x0000000000000000        0x0 Debug/system_stm32f4xx.o
 .data          0x0000000000000000        0x0 Debug/system_stm32f4xx.o
 .bss           0x0000000000000000        0x0 Debug/system_stm32f4xx.o
 .text          0x0000000000000000       0x14 Debug/startup_stm32f407vgtx.o
 .data          0x0000000000000000        0x0 Debug/startup_stm32f407vgtx.o
 .bss           0x0000000000000000        0x0 Debug/startup_stm32f407vgtx.o
 .text          0x0000000000000000        0xc /usr/lib/gcc/arm-none-eabi/10.3.1/../../../arm-none-eabi/lib/thumb/v7e-m+fp/softfp/libc_nano.a(lib_a-atexit.o)
 .data          0x0000000000000000        0x0 /usr/lib/gcc/arm-none-eabi/10.3.1/../../../arm-none-eabi/lib/thumb/v7e-m+fp/softfp/libc_nano.a(lib_a-atexit.o)
 .bss           0x0000000000000000        0x0 /usr/lib/gcc/arm-none-eabi/10.3.1/../../../arm-none-eabi/lib/thumb/v7e-m+fp/softfp/libc_nano.a(lib_a-atexit.o)
 .debug_info    0x0000000000000000      0x100 /usr/lib/gcc/arm-none-eabi/10.3.1/../../../arm-none-eabi/lib/thumb/v7e-m+fp/softfp/libc_nano.a(lib_a-atexit.o)
 .debug_abbrev  0x0000000000000000       0xb7 /usr/lib/gcc/arm-none-eabi/10.3.1/../../../arm-none-eabi/lib/thumb/v7e-m+fp/softfp/libc_nano.a(lib_a-atexit.o)
 .debug_loc     0x0000000000000000       0x32 /usr/lib/gcc/arm-none-eabi/10.3.1/../../../arm-none-eabi/lib/thumb/v7e-m+fp/softfp/libc_nano.a(lib_a-atexit.o)
 .debug_aranges
                0x0000000000000000       0x20 /usr/lib/gcc/arm-none-eabi/10.3.1/../../../arm-none-eabi/lib/thumb/v7e-m+fp/softfp/libc_nano.a(lib_a-atexit.o)
 .debug_line    0x0000000000000000       0xc0 /usr/lib/gcc/arm-none-eabi/10.3.1/../../../arm-none-eabi/lib/thumb/v7e-m+fp/softfp/libc_nano.a(lib_a-atexit.o)
 .debug_str     0x0000000000000000      0x1ef /usr/lib/gcc/arm-none-eabi/10.3.1/../../../arm-none-eabi/lib/thumb/v7e-m+fp/softfp/libc_nano.a(lib_a-atexit.o)
 .comment       0x0000000000000000       0x34 /usr/lib/gcc/arm-none-eabi/10.3.1/../../../arm-none-eabi/lib/thumb/v7e-m+fp/softfp/libc_nano.a(lib_a-atexit.o)
 .debug_frame   0x0000000000000000       0x20 /usr/lib/gcc/arm-none-eabi/10.3.1/../../../arm-none-eabi/lib/thumb/v7e-m+fp/softfp/libc_nano.a(lib_a-atexit.o)
 .ARM.attributes
                0x0000000000000000       0x32 /usr/lib/gcc/arm-none-eabi/10.3.1/../../../arm-none-eabi/lib/thumb/v7e-m+fp/softfp/libc_nano.a(lib_a-atexit.o)
 .text          0x0000000000000000       0x28 /usr/lib/gcc/arm-none-eabi/10.3.1/../../../arm-none-eabi/lib/thumb/v7e-m+fp/softfp/libc_nano.a(lib_a-exit.o)
 .data          0x0000000000000000        0x0 /usr/lib/gcc/arm-none-eabi/10.3.1/../../../arm-none-eabi/lib/thumb/v7e-m+fp/softfp/libc_nano.a(lib_a-exit.o)
 .bss           0x0000000000000000        0x0 /usr/lib/gcc/arm-none-eabi/10.3.1/../../../arm-none-eabi/lib/thumb/v7e-m+fp/softfp/libc_nano.a(lib_a-exit.o)
 .debug_info    0x0000000000000000      0x81a /usr/lib/gcc/arm-none-eabi/10.3.1/../../../arm-none-eabi/lib/thumb/v7e-m+fp/softfp/libc_nano.a(lib_a-exit.o)
 .debug_abbrev  0x0000000000000000      0x1ba /usr/lib/gcc/arm-none-eabi/10.3.1/../../../arm-none-eabi/lib/thumb/v7e-m+fp/softfp/libc_nano.a(lib_a-exit.o)
 .debug_loc     0x0000000000000000       0x22 /usr/lib/gcc/arm-none-eabi/10.3.1/../../../arm-none-eabi/lib/thumb/v7e-m+fp/softfp/libc_nano.a(lib_a-exit.o)
 .debug_aranges
                0x0000000000000000       0x20 /usr/lib/gcc/arm-none-eabi/10.3.1/../../../arm-none-eabi/lib/thumb/v7e-m+fp/softfp/libc_nano.a(lib_a-exit.o)
 .debug_line    0x0000000000000000      0x16d /usr/lib/gcc/arm-none-eabi/10.3.1/../../../arm-none-eabi/lib/thumb/v7e-m+fp/softfp/libc_nano.a(lib_a-exit.o)
 .debug_str     0x0000000000000000      0x52e /usr/lib/gcc/arm-none-eabi/10.3.1/../../../arm-none-eabi/lib/thumb/v7e-m+fp/softfp/libc_nano.a(lib_a-exit.o)
 .comment       0x0000000000000000       0x34 /usr/lib/gcc/arm-none-eabi/10.3.1/../../../arm-none-eabi/lib/thumb/v7e-m+fp/softfp/libc_nano.a(lib_a-exit.o)
 .debug_frame   0x0000000000000000       0x28 /usr/lib/gcc/arm-none-eabi/10.3.1/../../../arm-none-eabi/lib/thumb/v7e-m+fp/softfp/libc_nano.a(lib_a-exit.o)
 .ARM.attributes
                0x0000000000000000       0x32 /usr/lib/gcc/arm-none-eabi/10.3.1/../../../arm-none-eabi/lib/thumb/v7e-m+fp/softfp/libc_nano.a(lib_a-exit.o)
 .text          0x0000000000000000       0x2c /usr/lib/gcc/arm-none-eabi/10.3.1/../../../arm-none-eabi/lib/thumb/v7e-m+fp/softfp/libc_nano.a(lib_a-fini.o)
 .data          0x0000000000000000        0x0 /usr/lib/gcc/arm-none-eabi/10.3.1/../../../arm-none-eabi/lib/thumb/v7e-m+fp/softfp/libc_nano.a(lib_a-fini.o)
 .bss           0x0000000000000000        0x0 /usr/lib/gcc/arm-none-eabi/10.3.1/../../../arm-none-eabi/lib/thumb/v7e-m+fp/softfp/libc_nano.a(lib_a-fini.o)
 .debug_info    0x0000000000000000      0x102 /usr/lib/gcc/arm-none-eabi/10.3.1/../../../arm-none-eabi/lib/thumb/v7e-m+fp/softfp/libc_nano.a(lib_a-fini.o)
 .debug_abbrev  0x0000000000000000       0xcf /usr/lib/gcc/arm-none-eabi/10.3.1/../../../arm-none-eabi/lib/thumb/v7e-m+fp/softfp/libc_nano.a(lib_a-fini.o)
 .debug_loc     0x0000000000000000       0x68 /usr/lib/gcc/arm-none-eabi/10.3.1/../../../arm-none-eabi/lib/thumb/v7e-m+fp/softfp/libc_nano.a(lib_a-fini.o)
 .debug_aranges
                0x0000000000000000       0x20 /usr/lib/gcc/arm-none-eabi/10.3.1/../../../arm-none-eabi/lib/thumb/v7e-m+fp/softfp/libc_nano.a(lib_a-fini.o)
 .debug_line    0x0000000000000000       0xed /usr/lib/gcc/arm-none-eabi/10.3.1/../../../arm-none-eabi/lib/thumb/v7e-m+fp/softfp/libc_nano.a(lib_a-fini.o)
 .debug_str     0x0000000000000000      0x1e7 /usr/lib/gcc/arm-none-eabi/10.3.1/../../../arm-none-eabi/lib/thumb/v7e-m+fp/softfp/libc_nano.a(lib_a-fini.o)
 .comment       0x0000000000000000       0x34 /usr/lib/gcc/arm-none-eabi/10.3.1/../../../arm-none-eabi/lib/thumb/v7e-m+fp/softfp/libc_nano.a(lib_a-fini.o)
 .debug_frame   0x0000000000000000       0x34 /usr/lib/gcc/arm-none-eabi/10.3.1/../../../arm-none-eabi/lib/thumb/v7e-m+fp/softfp/libc_nano.a(lib_a-fini.o)
 .ARM.attributes
                0x0000000000000000       0x32 /usr/lib/gcc/arm-none-eabi/10.3.1/../../../arm-none-eabi/lib/thumb/v7e-m+fp/softfp/libc_nano.a(lib_a-fini.o)
 .text          0x0000000000000000        0x0 /usr/lib/gcc/arm-none-eabi/10.3.1/../../../arm-none-eabi/lib/thumb/v7e-m+fp/softfp/libc_nano.a(lib_a-impure.o)
 .data          0x0000000000000000       0x64 /usr/lib/gcc/arm-none-eabi/10.3.1/../../../arm-none-eabi/lib/thumb/v7e-m+fp/softfp/libc_nano.a(lib_a-impure.o)
 .bss           0x0000000000000000        0x0 /usr/lib/gcc/arm-none-eabi/10.3.1/../../../arm-none-eabi/lib/thumb/v7e-m+fp/softfp/libc_nano.a(lib_a-impure.o)
 .rodata        0x0000000000000000        0x4 /usr/lib/gcc/arm-none-eabi/10.3.1/../../../arm-none-eabi/lib/thumb/v7e-m+fp/softfp/libc_nano.a(lib_a-impure.o)
 .debug_info    0x0000000000000000      0x863 /usr/lib/gcc/arm-none-eabi/10.3.1/../../../arm-none-eabi/lib/thumb/v7e-m+fp/softfp/libc_nano.a(lib_a-impure.o)
 .debug_abbrev  0x0000000000000000      0x151 /usr/lib/gcc/arm-none-eabi/10.3.1/../../../arm-none-eabi/lib/thumb/v7e-m+fp/softfp/libc_nano.a(lib_a-impure.o)
 .debug_aranges
                0x0000000000000000       0x18 /usr/lib/gcc/arm-none-eabi/10.3.1/../../../arm-none-eabi/lib/thumb/v7e-m+fp/softfp/libc_nano.a(lib_a-impure.o)
 .debug_line    0x0000000000000000       0xe4 /usr/lib/gcc/arm-none-eabi/10.3.1/../../../arm-none-eabi/lib/thumb/v7e-m+fp/softfp/libc_nano.a(lib_a-impure.o)
 .debug_str     0x0000000000000000      0x564 /usr/lib/gcc/arm-none-eabi/10.3.1/../../../arm-none-eabi/lib/thumb/v7e-m+fp/softfp/libc_nano.a(lib_a-impure.o)
 .comment       0x0000000000000000       0x34 /usr/lib/gcc/arm-none-eabi/10.3.1/../../../arm-none-eabi/lib/thumb/v7e-m+fp/softfp/libc_nano.a(lib_a-impure.o)
 .ARM.attributes
                0x0000000000000000       0x30 /usr/lib/gcc/arm-none-eabi/10.3.1/../../../arm-none-eabi/lib/thumb/v7e-m+fp/softfp/libc_nano.a(lib_a-impure.o)
 .data          0x0000000000000000        0x0 /usr/lib/gcc/arm-none-eabi/10.3.1/../../../arm-none-eabi/lib/thumb/v7e-m+fp/softfp/libc_nano.a(lib_a-init.o)
 .bss           0x0000000000000000        0x0 /usr/lib/gcc/arm-none-eabi/10.3.1/../../../arm-none-eabi/lib/thumb/v7e-m+fp/softfp/libc_nano.a(lib_a-init.o)
 .text          0x0000000000000000       0xa4 /usr/lib/gcc/arm-none-eabi/10.3.1/../../../arm-none-eabi/lib/thumb/v7e-m+fp/softfp/libc_nano.a(lib_a-memset.o)
 .data          0x0000000000000000        0x0 /usr/lib/gcc/arm-none-eabi/10.3.1/../../../arm-none-eabi/lib/thumb/v7e-m+fp/softfp/libc_nano.a(lib_a-memset.o)
 .bss           0x0000000000000000        0x0 /usr/lib/gcc/arm-none-eabi/10.3.1/../../../arm-none-eabi/lib/thumb/v7e-m+fp/softfp/libc_nano.a(lib_a-memset.o)
 .debug_info    0x0000000000000000      0x137 /usr/lib/gcc/arm-none-eabi/10.3.1/../../../arm-none-eabi/lib/thumb/v7e-m+fp/softfp/libc_nano.a(lib_a-memset.o)
 .debug_abbrev  0x0000000000000000       0xb4 /usr/lib/gcc/arm-none-eabi/10.3.1/../../../arm-none-eabi/lib/thumb/v7e-m+fp/softfp/libc_nano.a(lib_a-memset.o)
 .debug_loc     0x0000000000000000      0x22c /usr/lib/gcc/arm-none-eabi/10.3.1/../../../arm-none-eabi/lib/thumb/v7e-m+fp/softfp/libc_nano.a(lib_a-memset.o)
 .debug_aranges
                0x0000000000000000       0x20 /usr/lib/gcc/arm-none-eabi/10.3.1/../../../arm-none-eabi/lib/thumb/v7e-m+fp/softfp/libc_nano.a(lib_a-memset.o)
 .debug_line    0x0000000000000000      0x1bf /usr/lib/gcc/arm-none-eabi/10.3.1/../../../arm-none-eabi/lib/thumb/v7e-m+fp/softfp/libc_nano.a(lib_a-memset.o)
 .debug_str     0x0000000000000000      0x1c6 /usr/lib/gcc/arm-none-eabi/10.3.1/../../../arm-none-eabi/lib/thumb/v7e-m+fp/softfp/libc_nano.a(lib_a-memset.o)
 .comment       0x0000000000000000       0x34 /usr/lib/gcc/arm-none-eabi/10.3.1/../../../arm-none-eabi/lib/thumb/v7e-m+fp/softfp/libc_nano.a(lib_a-memset.o)
 .debug_frame   0x0000000000000000       0x2c /usr/lib/gcc/arm-none-eabi/10.3.1/../../../arm-none-eabi/lib/thumb/v7e-m+fp/softfp/libc_nano.a(lib_a-memset.o)
 .ARM.attributes
                0x0000000000000000       0x32 /usr/lib/gcc/arm-none-eabi/10.3.1/../../../arm-none-eabi/lib/thumb/v7e-m+fp/softfp/libc_nano.a(lib_a-memset.o)
 .text          0x0000000000000000       0xac /usr/lib/gcc/arm-none-eabi/10.3.1/../../../arm-none-eabi/lib/thumb/v7e-m+fp/softfp/libc_nano.a(lib_a-__atexit.o)
 .data          0x0000000000000000        0x4 /usr/lib/gcc/arm-none-eabi/10.3.1/../../../arm-none-eabi/lib/thumb/v7e-m+fp/softfp/libc_nano.a(lib_a-__atexit.o)
 .bss           0x0000000000000000       0x8c /usr/lib/gcc/arm-none-eabi/10.3.1/../../../arm-none-eabi/lib/thumb/v7e-m+fp/softfp/libc_nano.a(lib_a-__atexit.o)
 .debug_info    0x0000000000000000      0x269 /usr/lib/gcc/arm-none-eabi/10.3.1/../../../arm-none-eabi/lib/thumb/v7e-m+fp/softfp/libc_nano.a(lib_a-__atexit.o)
 .debug_abbrev  0x0000000000000000      0x1bd /usr/lib/gcc/arm-none-eabi/10.3.1/../../../arm-none-eabi/lib/thumb/v7e-m+fp/softfp/libc_nano.a(lib_a-__atexit.o)
 .debug_loc     0x0000000000000000      0x1f5 /usr/lib/gcc/arm-none-eabi/10.3.1/../../../arm-none-eabi/lib/thumb/v7e-m+fp/softfp/libc_nano.a(lib_a-__atexit.o)
 .debug_aranges
                0x0000000000000000       0x20 /usr/lib/gcc/arm-none-eabi/10.3.1/../../../arm-none-eabi/lib/thumb/v7e-m+fp/softfp/libc_nano.a(lib_a-__atexit.o)
 .debug_line    0x0000000000000000      0x1ec /usr/lib/gcc/arm-none-eabi/10.3.1/../../../arm-none-eabi/lib/thumb/v7e-m+fp/softfp/libc_nano.a(lib_a-__atexit.o)
 .debug_str     0x0000000000000000      0x29d /usr/lib/gcc/arm-none-eabi/10.3.1/../../../arm-none-eabi/lib/thumb/v7e-m+fp/softfp/libc_nano.a(lib_a-__atexit.o)
 .comment       0x0000000000000000       0x34 /usr/lib/gcc/arm-none-eabi/10.3.1/../../../arm-none-eabi/lib/thumb/v7e-m+fp/softfp/libc_nano.a(lib_a-__atexit.o)
 .debug_frame   0x0000000000000000       0x38 /usr/lib/gcc/arm-none-eabi/10.3.1/../../../arm-none-eabi/lib/thumb/v7e-m+fp/softfp/libc_nano.a(lib_a-__atexit.o)
 .ARM.attributes
                0x0000000000000000       0x32 /usr/lib/gcc/arm-none-eabi/10.3.1/../../../arm-none-eabi/lib/thumb/v7e-m+fp/softfp/libc_nano.a(lib_a-__atexit.o)
 .text          0x0000000000000000       0xc8 /usr/lib/gcc/arm-none-eabi/10.3.1/../../../arm-none-eabi/lib/thumb/v7e-m+fp/softfp/libc_nano.a(lib_a-__call_atexit.o)
 .data          0x0000000000000000        0x0 /usr/lib/gcc/arm-none-eabi/10.3.1/../../../arm-none-eabi/lib/thumb/v7e-m+fp/softfp/libc_nano.a(lib_a-__call_atexit.o)
 .bss           0x0000000000000000        0x4 /usr/lib/gcc/arm-none-eabi/10.3.1/../../../arm-none-eabi/lib/thumb/v7e-m+fp/softfp/libc_nano.a(lib_a-__call_atexit.o)
 .debug_info    0x0000000000000000      0x249 /usr/lib/gcc/arm-none-eabi/10.3.1/../../../arm-none-eabi/lib/thumb/v7e-m+fp/softfp/libc_nano.a(lib_a-__call_atexit.o)
 .debug_abbrev  0x0000000000000000      0x179 /usr/lib/gcc/arm-none-eabi/10.3.1/../../../arm-none-eabi/lib/thumb/v7e-m+fp/softfp/libc_nano.a(lib_a-__call_atexit.o)
 .debug_loc     0x0000000000000000      0x19b /usr/lib/gcc/arm-none-eabi/10.3.1/../../../arm-none-eabi/lib/thumb/v7e-m+fp/softfp/libc_nano.a(lib_a-__call_atexit.o)
 .debug_aranges
                0x0000000000000000       0x20 /usr/lib/gcc/arm-none-eabi/10.3.1/../../../arm-none-eabi/lib/thumb/v7e-m+fp/softfp/libc_nano.a(lib_a-__call_atexit.o)
 .debug_ranges  0x0000000000000000       0x30 /usr/lib/gcc/arm-none-eabi/10.3.1/../../../arm-none-eabi/lib/thumb/v7e-m+fp/softfp/libc_nano.a(lib_a-__call_atexit.o)
 .debug_line    0x0000000000000000      0x1eb /usr/lib/gcc/arm-none-eabi/10.3.1/../../../arm-none-eabi/lib/thumb/v7e-m+fp/softfp/libc_nano.a(lib_a-__call_atexit.o)
 .debug_str     0x0000000000000000      0x261 /usr/lib/gcc/arm-none-eabi/10.3.1/../../../arm-none-eabi/lib/thumb/v7e-m+fp/softfp/libc_nano.a(lib_a-__call_atexit.o)
 .comment       0x0000000000000000       0x34 /usr/lib/gcc/arm-none-eabi/10.3.1/../../../arm-none-eabi/lib/thumb/v7e-m+fp/softfp/libc_nano.a(lib_a-__call_atexit.o)
 .debug_frame   0x0000000000000000       0x4c /usr/lib/gcc/arm-none-eabi/10.3.1/../../../arm-none-eabi/lib/thumb/v7e-m+fp/softfp/libc_nano.a(lib_a-__call_atexit.o)
 .ARM.attributes
                0x0000000000000000       0x32 /usr/lib/gcc/arm-none-eabi/10.3.1/../../../arm-none-eabi/lib/thumb/v7e-m+fp/softfp/libc_nano.a(lib_a-__call_atexit.o)
 .text          0x0000000000000000        0x4 /usr/lib/gcc/arm-none-eabi/10.3.1/../../../arm-none-eabi/lib/thumb/v7e-m+fp/softfp/libnosys.a(_exit.o)
 .data          0x0000000000000000        0x0 /usr/lib/gcc/arm-none-eabi/10.3.1/../../../arm-none-eabi/lib/thumb/v7e-m+fp/softfp/libnosys.a(_exit.o)
 .bss           0x0000000000000000        0x0 /usr/lib/gcc/arm-none-eabi/10.3.1/../../../arm-none-eabi/lib/thumb/v7e-m+fp/softfp/libnosys.a(_exit.o)
 .debug_info    0x0000000000000000       0xa3 /usr/lib/gcc/arm-none-eabi/10.3.1/../../../arm-none-eabi/lib/thumb/v7e-m+fp/softfp/libnosys.a(_exit.o)
 .debug_abbrev  0x0000000000000000       0x6a /usr/lib/gcc/arm-none-eabi/10.3.1/../../../arm-none-eabi/lib/thumb/v7e-m+fp/softfp/libnosys.a(_exit.o)
 .debug_loc     0x0000000000000000       0x15 /usr/lib/gcc/arm-none-eabi/10.3.1/../../../arm-none-eabi/lib/thumb/v7e-m+fp/softfp/libnosys.a(_exit.o)
 .debug_aranges
                0x0000000000000000       0x20 /usr/lib/gcc/arm-none-eabi/10.3.1/../../../arm-none-eabi/lib/thumb/v7e-m+fp/softfp/libnosys.a(_exit.o)
 .debug_line    0x0000000000000000       0x75 /usr/lib/gcc/arm-none-eabi/10.3.1/../../../arm-none-eabi/lib/thumb/v7e-m+fp/softfp/libnosys.a(_exit.o)
 .debug_str     0x0000000000000000      0x185 /usr/lib/gcc/arm-none-eabi/10.3.1/../../../arm-none-eabi/lib/thumb/v7e-m+fp/softfp/libnosys.a(_exit.o)
 .comment       0x0000000000000000       0x34 /usr/lib/gcc/arm-none-eabi/10.3.1/../../../arm-none-eabi/lib/thumb/v7e-m+fp/softfp/libnosys.a(_exit.o)
 .debug_frame   0x0000000000000000       0x20 /usr/lib/gcc/arm-none-eabi/10.3.1/../../../arm-none-eabi/lib/thumb/v7e-m+fp/softfp/libnosys.a(_exit.o)
 .ARM.attributes
                0x0000000000000000       0x32 /usr/lib/gcc/arm-none-eabi/10.3.1/../../../arm-none-eabi/lib/thumb/v7e-m+fp/softfp/libnosys.a(_exit.o)
 .text          0x0000000000000000        0x0 /usr/lib/gcc/arm-none-eabi/10.3.1/thumb/v7e-m+fp/softfp/crtend.o
 .data          0x0000000000000000        0x0 /usr/lib/gcc/arm-none-eabi/10.3.1/thumb/v7e-m+fp/softfp/crtend.o
 .bss           0x0000000000000000        0x0 /usr/lib/gcc/arm-none-eabi/10.3.1/thumb/v7e-m+fp/softfp/crtend.o
 .rodata        0x0000000000000000       0x24 /usr/lib/gcc/arm-none-eabi/10.3.1/thumb/v7e-m+fp/softfp/crtend.o
 .eh_frame      0x0000000000000000        0x4 /usr/lib/gcc/arm-none-eabi/10.3.1/thumb/v7e-m+fp/softfp/crtend.o
 .text          0x0000000000000000        0x0 /usr/lib/gcc/arm-none-eabi/10.3.1/thumb/v7e-m+fp/softfp/crtn.o
 .data          0x0000000000000000        0x0 /usr/lib/gcc/arm-none-eabi/10.3.1/thumb/v7e-m+fp/softfp/crtn.o
 .bss           0x0000000000000000        0x0 /usr/lib/gcc/arm-none-eabi/10.3.1/thumb/v7e-m+fp/softfp/crtn.o

Memory Configuration

Name             Origin             Length             Attributes
RAM              0x0000000020000000 0x0000000000020000 xrw
ROM              0x0000000008000000 0x0000000000100000 xr
*default*        0x0000000000000000 0xffffffffffffffff

Linker script and memory map

LOAD /usr/lib/gcc/arm-none-eabi/10.3.1/thumb/v7e-m+fp/softfp/crti.o
LOAD /usr/lib/gcc/arm-none-eabi/10.3.1/thumb/v7e-m+fp/softfp/crtbegin.o
LOAD /usr/lib/gcc/arm-none-eabi/10.3.1/../../../arm-none-eabi/lib/thumb/v7e-m+fp/softfp/crt0.o
LOAD Debug/uart.o
LOAD Debug/system_stm32f4xx.o
LOAD Debug/startup_stm32f407vgtx.o
LOAD /usr/lib/gcc/arm-none-eabi/10.3.1/../../../arm-none-eabi/lib/thumb/v7e-m+fp/softfp/libc_nano.a
START GROUP
LOAD /usr/lib/gcc/arm-none-eabi/10.3.1/thumb/v7e-m+fp/softfp/libgcc.a
LOAD /usr/lib/gcc/arm-none-eabi/10.3.1/../../../arm-none-eabi/lib/thumb/v7e-m+fp/softfp/libc_nano.a
END GROUP
START GROUP
LOAD /usr/lib/gcc/arm-none-eabi/10.3.1/thumb/v7e-m+fp/softfp/libgcc.a
LOAD /usr/lib/gcc/arm-none-eabi/10.3.1/../../../arm-none-eabi/lib/thumb/v7e-m+fp/softfp/libc_nano.a
LOAD /usr/lib/gcc/arm-none-eabi/10.3.1/../../../arm-none-eabi/lib/thumb/v7e-m+fp/softfp/libnosys.a
END GROUP
START GROUP
LOAD /usr/lib/gcc/arm-none-eabi/10.3.1/thumb/v7e-m+fp/softfp/libgcc.a
LOAD /usr/lib/gcc/arm-none-eabi/10.3.1/../../../arm-none-eabi/lib/thumb/v7e-m+fp/softfp/libc_nano.a
LOAD /usr/lib/gcc/arm-none-eabi/10.3.1/../../../arm-none-eabi/lib/thumb/v7e-m+fp/softfp/libnosys.a
END GROUP
LOAD /usr/lib/gcc/arm-none-eabi/10.3.1/thumb/v7e-m+fp/softfp/crtend.o
LOAD /usr/lib/gcc/arm-none-eabi/10.3.1/thumb/v7e-m+fp/softfp/crtn.o
                0x0000000020020000                _estack = 0x20020000
                0x0000000000000200                _Min_Heap_Size = 0x200
                0x0000000000000400                _Min_Stack_Size = 0x400

.isr_vector     0x0000000008000000      0x1a8
                0x0000000008000000                . = ALIGN (0x4)
 *(.isr_vector)
 .isr_vector    0x0000000008000000      0x1a8 Debug/startup_stm32f407vgtx.o
                0x0000000008000000                isr_vector
                0x00000000080001a8                . = ALIGN (0x4)

.text           0x00000000080001a8      0x34c
                0x00000000080001a8                . = ALIGN (0x4)
 *(.text)
 .text          0x00000000080001a8       0x88 /usr/lib/gcc/arm-none-eabi/10.3.1/thumb/v7e-m+fp/softfp/crtbegin.o
 .text          0x0000000008000230       0x48 /usr/lib/gcc/arm-none-eabi/10.3.1/../../../arm-none-eabi/lib/thumb/v7e-m+fp/softfp/libc_nano.a(lib_a-init.o)
                0x0000000008000230                __libc_init_array
 *(.text*)
 .text.main     0x0000000008000278       0xf0 Debug/uart.o
                0x0000000008000278                main
 .text.SystemInit
                0x0000000008000368       0x5c Debug/system_stm32f4xx.o
                0x0000000008000368                SystemInit
 .text.set_sysclk_to_168
                0x00000000080003c4       0xc4 Debug/system_stm32f4xx.o
                0x00000000080003c4                set_sysclk_to_168
 .text.Reset_Handler
                0x0000000008000488       0x50 Debug/startup_stm32f407vgtx.o
                0x0000000008000488                Reset_Handler
 .text.Default_Handler
                0x00000000080004d8        0x2 Debug/startup_stm32f407vgtx.o
                0x00000000080004d8                RTC_Alarm_IRQHandler
                0x00000000080004d8                HASH_RNG_IRQHandler
                0x00000000080004d8                EXTI2_IRQHandler
                0x00000000080004d8                TIM8_CC_IRQHandler
                0x00000000080004d8                DebugMon_Handler
                0x00000000080004d8                TIM1_CC_IRQHandler
                0x00000000080004d8                DMA2_Stream5_IRQHandler
                0x00000000080004d8                HardFault_Handler
                0x00000000080004d8                DMA1_Stream5_IRQHandler
                0x00000000080004d8                SysTick_Handler
                0x00000000080004d8                PVD_IRQHandler
                0x00000000080004d8                SDIO_IRQHandler
                0x00000000080004d8                TAMP_STAMP_IRQHandler
                0x00000000080004d8                PendSV_Handler
                0x00000000080004d8                NMI_Handler
                0x00000000080004d8                CAN2_RX1_IRQHandler
                0x00000000080004d8                EXTI3_IRQHandler
                0x00000000080004d8                TIM8_TRG_COM_TIM14_IRQHandler
                0x00000000080004d8                TIM1_UP_TIM10_IRQHandler
                0x00000000080004d8                TIM8_UP_TIM13_IRQHandler
                0x00000000080004d8                I2C3_ER_IRQHandler
                0x00000000080004d8                LCD_TFT_IRQHandler
                0x00000000080004d8                EXTI0_IRQHandler
                0x00000000080004d8                I2C2_EV_IRQHandler
                0x00000000080004d8                DMA1_Stream2_IRQHandler
                0x00000000080004d8                CAN1_RX0_IRQHandler
                0x00000000080004d8                FPU_IRQHandler
                0x00000000080004d8                OTG_HS_WKUP_IRQHandler
                0x00000000080004d8                UsageFault_Handler
                0x00000000080004d8                CAN2_SCE_IRQHandler
                0x00000000080004d8                DMA2_Stream2_IRQHandler
                0x00000000080004d8                SPI1_IRQHandler
                0x00000000080004d8                TIM6_DAC_IRQHandler
                0x00000000080004d8                TIM1_BRK_TIM9_IRQHandler
                0x00000000080004d8                DCMI_IRQHandler
                0x00000000080004d8                CAN2_RX0_IRQHandler
                0x00000000080004d8                DMA2_Stream3_IRQHandler
                0x00000000080004d8                USART6_IRQHandler
                0x00000000080004d8                USART3_IRQHandler
                0x00000000080004d8                CRYP_IRQHandler
                0x00000000080004d8                CAN1_RX1_IRQHandler
                0x00000000080004d8                UART5_IRQHandler
                0x00000000080004d8                DMA2_Stream0_IRQHandler
                0x00000000080004d8                TIM4_IRQHandler
                0x00000000080004d8                I2C1_EV_IRQHandler
                0x00000000080004d8                DMA1_Stream6_IRQHandler
                0x00000000080004d8                DMA1_Stream1_IRQHandler
                0x00000000080004d8                UART4_IRQHandler
                0x00000000080004d8                LCD_TFT_1_IRQHandler
                0x00000000080004d8                TIM3_IRQHandler
                0x00000000080004d8                RCC_IRQHandler
                0x00000000080004d8                TIM8_BRK_TIM12_IRQHandler
                0x00000000080004d8                Default_Handler
                0x00000000080004d8                EXTI15_10_IRQHandler
                0x00000000080004d8                ADC_IRQHandler
                0x00000000080004d8                DMA1_Stream7_IRQHandler
                0x00000000080004d8                TIM7_IRQHandler
                0x00000000080004d8                CAN2_TX_IRQHandler
                0x00000000080004d8                TIM5_IRQHandler
                0x00000000080004d8                DMA2_Stream7_IRQHandler
                0x00000000080004d8                I2C3_EV_IRQHandler
                0x00000000080004d8                EXTI9_5_IRQHandler
                0x00000000080004d8                RTC_WKUP_IRQHandler
                0x00000000080004d8                ETH_WKUP_IRQHandler
                0x00000000080004d8                SPI2_IRQHandler
                0x00000000080004d8                OTG_HS_EP1_IN_IRQHandler
                0x00000000080004d8                MemManage_Handler
                0x00000000080004d8                DMA1_Stream0_IRQHandler
                0x00000000080004d8                CAN1_TX_IRQHandler
                0x00000000080004d8                SVC_Handler
                0x00000000080004d8                EXTI4_IRQHandler
                0x00000000080004d8                FSMC_IRQHandler
                0x00000000080004d8                ETH_IRQHandler
                0x00000000080004d8                OTG_HS_EP1_OUT_IRQHandler
                0x00000000080004d8                WWDG_IRQHandler
                0x00000000080004d8                TIM2_IRQHandler
                0x00000000080004d8                OTG_FS_WKUP_IRQHandler
                0x00000000080004d8                TIM1_TRG_COM_TIM11_IRQHandler
                0x00000000080004d8                OTG_HS_IRQHandler
                0x00000000080004d8                EXTI1_IRQHandler
                0x00000000080004d8                USART2_IRQHandler
                0x00000000080004d8                I2C2_ER_IRQHandler
                0x00000000080004d8                DMA2_Stream1_IRQHandler
                0x00000000080004d8                CAN1_SCE_IRQHandler
                0x00000000080004d8                DMA2_Stream4_IRQHandler
                0x00000000080004d8                BusFault_Handler
                0x00000000080004d8                USART1_IRQHandler
                0x00000000080004d8                OTG_FS_IRQHandler
                0x00000000080004d8                SPI3_IRQHandler
                0x00000000080004d8                DMA1_Stream4_IRQHandler
                0x00000000080004d8                I2C1_ER_IRQHandler
                0x00000000080004d8                DMA2_Stream6_IRQHandler
                0x00000000080004d8                DMA1_Stream3_IRQHandler
 *(.glue_7)
 .glue_7        0x00000000080004da        0x0 linker stubs
 *(.glue_7t)
 .glue_7t       0x00000000080004da        0x0 linker stubs
 *(.eh_frame)
 *fill*         0x00000000080004da        0x2 
 .eh_frame      0x00000000080004dc        0x0 /usr/lib/gcc/arm-none-eabi/10.3.1/thumb/v7e-m+fp/softfp/crtbegin.o
 *(.init)
 .init          0x00000000080004dc        0x4 /usr/lib/gcc/arm-none-eabi/10.3.1/thumb/v7e-m+fp/softfp/crti.o
                0x00000000080004dc                _init
 .init          0x00000000080004e0        0x8 /usr/lib/gcc/arm-none-eabi/10.3.1/thumb/v7e-m+fp/softfp/crtn.o
 *(.fini)
 .fini          0x00000000080004e8        0x4 /usr/lib/gcc/arm-none-eabi/10.3.1/thumb/v7e-m+fp/softfp/crti.o
                0x00000000080004e8                _fini
 .fini          0x00000000080004ec        0x8 /usr/lib/gcc/arm-none-eabi/10.3.1/thumb/v7e-m+fp/softfp/crtn.o
                0x00000000080004f4                . = ALIGN (0x4)
                0x00000000080004f4                _etext = .

.vfp11_veneer   0x00000000080004f4        0x0
 .vfp11_veneer  0x00000000080004f4        0x0 linker stubs

.v4_bx          0x00000000080004f4        0x0
 .v4_bx         0x00000000080004f4        0x0 linker stubs

.iplt           0x00000000080004f4        0x0
 .iplt          0x00000000080004f4        0x0 /usr/lib/gcc/arm-none-eabi/10.3.1/thumb/v7e-m+fp/softfp/crtbegin.o

.rel.dyn        0x00000000080004f4        0x0
 .rel.iplt      0x00000000080004f4        0x0 /usr/lib/gcc/arm-none-eabi/10.3.1/thumb/v7e-m+fp/softfp/crtbegin.o

.rodata         0x00000000080004f4        0x0
                0x00000000080004f4                . = ALIGN (0x4)
 *(.rodata)
 *(.rodata*)
                0x00000000080004f4                . = ALIGN (0x4)

.ARM.extab      0x00000000080004f4        0x0
                0x00000000080004f4                . = ALIGN (0x4)
 *(.ARM.extab* .gnu.linkonce.armextab.*)
                0x00000000080004f4                . = ALIGN (0x4)

.ARM            0x00000000080004f4        0x0
                0x00000000080004f4                . = ALIGN (0x4)
                0x00000000080004f4                __exidx_start = .
 *(.ARM.exidx*)
                0x00000000080004f4                __exidx_end = .
                0x00000000080004f4                . = ALIGN (0x4)

.preinit_array  0x00000000080004f4        0x0
                0x00000000080004f4                . = ALIGN (0x4)
                0x00000000080004f4                PROVIDE (__preinit_array_start = .)
 *(.preinit_array*)
                0x00000000080004f4                PROVIDE (__preinit_array_end = .)
                0x00000000080004f4                . = ALIGN (0x4)

.init_array     0x00000000080004f4        0x4
                0x00000000080004f4                . = ALIGN (0x4)
                0x00000000080004f4                PROVIDE (__init_array_start = .)
 *(SORT_BY_NAME(.init_array.*))
 *(.init_array*)
 .init_array    0x00000000080004f4        0x4 /usr/lib/gcc/arm-none-eabi/10.3.1/thumb/v7e-m+fp/softfp/crtbegin.o
                0x00000000080004f8                PROVIDE (__init_array_end = .)
                0x00000000080004f8                . = ALIGN (0x4)

.fini_array     0x00000000080004f8        0x4
                0x00000000080004f8                . = ALIGN (0x4)
                0x00000000080004f8                PROVIDE (__fini_array_start = .)
 *(SORT_BY_NAME(.fini_array.*))
 *(.fini_array*)
 .fini_array    0x00000000080004f8        0x4 /usr/lib/gcc/arm-none-eabi/10.3.1/thumb/v7e-m+fp/softfp/crtbegin.o
                0x00000000080004fc                PROVIDE (__fini_array_end = .)
                0x00000000080004fc                . = ALIGN (0x4)
                0x00000000080004fc                _sidata = LOADADDR (.data)

.data           0x0000000020000000       0x1c load address 0x00000000080004fc
                0x0000000020000000                . = ALIGN (0x4)
                0x0000000020000000                _sdata = .
 *(.data)
 *(.data*)
 .data.msg      0x0000000020000000       0x15 Debug/uart.o
                0x0000000020000000                msg
 *fill*         0x0000000020000015        0x3 
 .data.SystemCoreClock
                0x0000000020000018        0x4 Debug/system_stm32f4xx.o
                0x0000000020000018                SystemCoreClock
                0x000000002000001c                . = ALIGN (0x4)
                0x000000002000001c                _edata = .

.tm_clone_table
                0x000000002000001c        0x0 load address 0x0000000008000518
 .tm_clone_table
                0x000000002000001c        0x0 /usr/lib/gcc/arm-none-eabi/10.3.1/thumb/v7e-m+fp/softfp/crtbegin.o
 .tm_clone_table
                0x000000002000001c        0x0 /usr/lib/gcc/arm-none-eabi/10.3.1/thumb/v7e-m+fp/softfp/crtend.o

.igot.plt       0x000000002000001c        0x0 load address 0x0000000008000518
 .igot.plt      0x000000002000001c        0x0 /usr/lib/gcc/arm-none-eabi/10.3.1/thumb/v7e-m+fp/softfp/crtbegin.o
                0x000000002000001c                . = ALIGN (0x4)

.bss            0x000000002000001c       0x1c load address 0x0000000008000518
                0x000000002000001c                _sbss = .
                0x000000002000001c                __bss_start__ = _sbss
 *(.bss)
 .bss           0x000000002000001c       0x1c /usr/lib/gcc/arm-none-eabi/10.3.1/thumb/v7e-m+fp/softfp/crtbegin.o
 *(.bss*)
 *(COMMON)
                0x0000000020000038                . = ALIGN (0x4)
                0x0000000020000038                _ebss = .
                0x0000000020000038                __bss_end__ = _ebss

._user_heap_stack
                0x0000000020000038      0x600 load address 0x0000000008000518
                0x0000000020000038                . = ALIGN (0x8)
                [!provide]                        PROVIDE (end = .)
                [!provide]                        PROVIDE (_end = .)
                0x0000000020000238                . = (. + _Min_Heap_Size)
 *fill*         0x0000000020000038      0x200 
                0x0000000020000638                . = (. + _Min_Stack_Size)
 *fill*         0x0000000020000238      0x400 
                0x0000000020000638                . = ALIGN (0x8)

/DISCARD/
 libc.a(*)
 libm.a(*)
 libgcc.a(*)

.ARM.attributes
                0x0000000000000000       0x2e
 *(.ARM.attributes)
 .ARM.attributes
                0x0000000000000000       0x1e /usr/lib/gcc/arm-none-eabi/10.3.1/thumb/v7e-m+fp/softfp/crti.o
 .ARM.attributes
                0x000000000000001e       0x32 /usr/lib/gcc/arm-none-eabi/10.3.1/thumb/v7e-m+fp/softfp/crtbegin.o
 .ARM.attributes
                0x0000000000000050       0x32 Debug/uart.o
 .ARM.attributes
                0x0000000000000082       0x32 Debug/system_stm32f4xx.o
 .ARM.attributes
                0x00000000000000b4       0x25 Debug/startup_stm32f407vgtx.o
 .ARM.attributes
                0x00000000000000d9       0x32 /usr/lib/gcc/arm-none-eabi/10.3.1/../../../arm-none-eabi/lib/thumb/v7e-m+fp/softfp/libc_nano.a(lib_a-init.o)
 .ARM.attributes
                0x000000000000010b       0x30 /usr/lib/gcc/arm-none-eabi/10.3.1/thumb/v7e-m+fp/softfp/crtend.o
 .ARM.attributes
                0x000000000000013b       0x1e /usr/lib/gcc/arm-none-eabi/10.3.1/thumb/v7e-m+fp/softfp/crtn.o
OUTPUT(Debug/uart.elf elf32-littlearm)
LOAD linker stubs
LOAD /usr/lib/gcc/arm-none-eabi/10.3.1/../../../arm-none-eabi/lib/thumb/v7e-m+fp/softfp/libc.a
LOAD /usr/lib/gcc/arm-none-eabi/10.3.1/../../../arm-none-eabi/lib/thumb/v7e-m+fp/softfp/libm.a
LOAD /usr/lib/gcc/arm-none-eabi/10.3.1/thumb/v7e-m+fp/softfp/libgcc.a

.comment        0x0000000000000000       0x33
 .comment       0x0000000000000000       0x33 /usr/lib/gcc/arm-none-eabi/10.3.1/thumb/v7e-m+fp/softfp/crtbegin.o
                                         0x34 (size before relaxing)
 .comment       0x0000000000000033       0x34 Debug/uart.o
 .comment       0x0000000000000033       0x34 Debug/system_stm32f4xx.o
 .comment       0x0000000000000033       0x34 /usr/lib/gcc/arm-none-eabi/10.3.1/../../../arm-none-eabi/lib/thumb/v7e-m+fp/softfp/libc_nano.a(lib_a-init.o)
 .comment       0x0000000000000033       0x34 /usr/lib/gcc/arm-none-eabi/10.3.1/thumb/v7e-m+fp/softfp/crtend.o

.debug_info     0x0000000000000000      0xb08
 .debug_info    0x0000000000000000      0x454 Debug/uart.o
 .debug_info    0x0000000000000454      0x578 Debug/system_stm32f4xx.o
 .debug_info    0x00000000000009cc       0x22 Debug/startup_stm32f407vgtx.o
 .debug_info    0x00000000000009ee      0x11a /usr/lib/gcc/arm-none-eabi/10.3.1/../../../arm-none-eabi/lib/thumb/v7e-m+fp/softfp/libc_nano.a(lib_a-init.o)

.debug_abbrev   0x0000000000000000      0x28e
 .debug_abbrev  0x0000000000000000       0xe8 Debug/uart.o
 .debug_abbrev  0x00000000000000e8       0xc8 Debug/system_stm32f4xx.o
 .debug_abbrev  0x00000000000001b0       0x12 Debug/startup_stm32f407vgtx.o
 .debug_abbrev  0x00000000000001c2       0xcc /usr/lib/gcc/arm-none-eabi/10.3.1/../../../arm-none-eabi/lib/thumb/v7e-m+fp/softfp/libc_nano.a(lib_a-init.o)

.debug_loc      0x0000000000000000       0xe6
 .debug_loc     0x0000000000000000       0x2c Debug/uart.o
 .debug_loc     0x000000000000002c       0xba /usr/lib/gcc/arm-none-eabi/10.3.1/../../../arm-none-eabi/lib/thumb/v7e-m+fp/softfp/libc_nano.a(lib_a-init.o)

.debug_aranges  0x0000000000000000       0x90
 .debug_aranges
                0x0000000000000000       0x20 Debug/uart.o
 .debug_aranges
                0x0000000000000020       0x28 Debug/system_stm32f4xx.o
 .debug_aranges
                0x0000000000000048       0x28 Debug/startup_stm32f407vgtx.o
 .debug_aranges
                0x0000000000000070       0x20 /usr/lib/gcc/arm-none-eabi/10.3.1/../../../arm-none-eabi/lib/thumb/v7e-m+fp/softfp/libc_nano.a(lib_a-init.o)

.debug_ranges   0x0000000000000000       0x48
 .debug_ranges  0x0000000000000000       0x10 Debug/uart.o
 .debug_ranges  0x0000000000000010       0x18 Debug/system_stm32f4xx.o
 .debug_ranges  0x0000000000000028       0x20 Debug/startup_stm32f407vgtx.o

.debug_line     0x0000000000000000      0x41f
 .debug_line    0x0000000000000000       0xf4 Debug/uart.o
 .debug_line    0x00000000000000f4      0x16c Debug/system_stm32f4xx.o
 .debug_line    0x0000000000000260       0x87 Debug/startup_stm32f407vgtx.o
 .debug_line    0x00000000000002e7      0x138 /usr/lib/gcc/arm-none-eabi/10.3.1/../../../arm-none-eabi/lib/thumb/v7e-m+fp/softfp/libc_nano.a(lib_a-init.o)

.debug_str      0x0000000000000000      0x54e
 .debug_str     0x0000000000000000      0x2c3 Debug/uart.o
                                        0x2fc (size before relaxing)
 .debug_str     0x00000000000002c3       0xd1 Debug/system_stm32f4xx.o
                                        0x381 (size before relaxing)
 .debug_str     0x0000000000000394       0x32 Debug/startup_stm32f407vgtx.o
                                         0x5d (size before relaxing)
 .debug_str     0x00000000000003c6      0x188 /usr/lib/gcc/arm-none-eabi/10.3.1/../../../arm-none-eabi/lib/thumb/v7e-m+fp/softfp/libc_nano.a(lib_a-init.o)
                                        0x211 (size before relaxing)

.debug_frame    0x0000000000000000       0x84
 .debug_frame   0x0000000000000000       0x28 Debug/uart.o
 .debug_frame   0x0000000000000028       0x30 Debug/system_stm32f4xx.o
 .debug_frame   0x0000000000000058       0x2c /usr/lib/gcc/arm-none-eabi/10.3.1/../../../arm-none-eabi/lib/thumb/v7e-m+fp/softfp/libc_nano.a(lib_a-init.o)

Cross Reference Table

Symbol                                            File
ADC_IRQHandler                                    Debug/startup_stm32f407vgtx.o
BusFault_Handler                                  Debug/startup_stm32f407vgtx.o
CAN1_RX0_IRQHandler                               Debug/startup_stm32f407vgtx.o
CAN1_RX1_IRQHandler                               Debug/startup_stm32f407vgtx.o
CAN1_SCE_IRQHandler                               Debug/startup_stm32f407vgtx.o
CAN1_TX_IRQHandler                                Debug/startup_stm32f407vgtx.o
CAN2_RX0_IRQHandler                               Debug/startup_stm32f407vgtx.o
CAN2_RX1_IRQHandler                               Debug/startup_stm32f407vgtx.o
CAN2_SCE_IRQHandler                               Debug/startup_stm32f407vgtx.o
CAN2_TX_IRQHandler                                Debug/startup_stm32f407vgtx.o
CRYP_IRQHandler                                   Debug/startup_stm32f407vgtx.o
DCMI_IRQHandler                                   Debug/startup_stm32f407vgtx.o
DMA1_Stream0_IRQHandler                           Debug/startup_stm32f407vgtx.o
DMA1_Stream1_IRQHandler                           Debug/startup_stm32f407vgtx.o
DMA1_Stream2_IRQHandler                           Debug/startup_stm32f407vgtx.o
DMA1_Stream3_IRQHandler                           Debug/startup_stm32f407vgtx.o
DMA1_Stream4_IRQHandler                           Debug/startup_stm32f407vgtx.o
DMA1_Stream5_IRQHandler                           Debug/startup_stm32f407vgtx.o
DMA1_Stream6_IRQHandler                           Debug/startup_stm32f407vgtx.o
DMA1_Stream7_IRQHandler                           Debug/startup_stm32f407vgtx.o
DMA2_Stream0_IRQHandler                           Debug/startup_stm32f407vgtx.o
DMA2_Stream1_IRQHandler                           Debug/startup_stm32f407vgtx.o
DMA2_Stream2_IRQHandler                           Debug/startup_stm32f407vgtx.o
DMA2_Stream3_IRQHandler                           Debug/startup_stm32f407vgtx.o
DMA2_Stream4_IRQHandler                           Debug/startup_stm32f407vgtx.o
DMA2_Stream5_IRQHandler                           Debug/startup_stm32f407vgtx.o
DMA2_Stream6_IRQHandler                           Debug/startup_stm32f407vgtx.o
DMA2_Stream7_IRQHandler                           Debug/startup_stm32f407vgtx.o
DebugMon_Handler                                  Debug/startup_stm32f407vgtx.o
Default_Handler                                   Debug/startup_stm32f407vgtx.o
ETH_IRQHandler                                    Debug/startup_stm32f407vgtx.o
ETH_WKUP_IRQHandler                               Debug/startup_stm32f407vgtx.o
EXTI0_IRQHandler                                  Debug/startup_stm32f407vgtx.o
EXTI15_10_IRQHandler                              Debug/startup_stm32f407vgtx.o
EXTI1_IRQHandler                                  Debug/startup_stm32f407vgtx.o
EXTI2_IRQHandler                                  Debug/startup_stm32f407vgtx.o
EXTI3_IRQHandler                                  Debug/startup_stm32f407vgtx.o
EXTI4_IRQHandler                                  Debug/startup_stm32f407vgtx.o
EXTI9_5_IRQHandler                                Debug/startup_stm32f407vgtx.o
FPU_IRQHandler                                    Debug/startup_stm32f407vgtx.o
FSMC_IRQHandler                                   Debug/startup_stm32f407vgtx.o
HASH_RNG_IRQHandler                               Debug/startup_stm32f407vgtx.o
HardFault_Handler                                 Debug/startup_stm32f407vgtx.o
I2C1_ER_IRQHandler                                Debug/startup_stm32f407vgtx.o
I2C1_EV_IRQHandler                                Debug/startup_stm32f407vgtx.o
I2C2_ER_IRQHandler                                Debug/startup_stm32f407vgtx.o
I2C2_EV_IRQHandler                                Debug/startup_stm32f407vgtx.o
I2C3_ER_IRQHandler                                Debug/startup_stm32f407vgtx.o
I2C3_EV_IRQHandler                                Debug/startup_stm32f407vgtx.o
LCD_TFT_1_IRQHandler                              Debug/startup_stm32f407vgtx.o
LCD_TFT_IRQHandler                                Debug/startup_stm32f407vgtx.o
MemManage_Handler                                 Debug/startup_stm32f407vgtx.o
NMI_Handler                                       Debug/startup_stm32f407vgtx.o
OTG_FS_IRQHandler                                 Debug/startup_stm32f407vgtx.o
OTG_FS_WKUP_IRQHandler                            Debug/startup_stm32f407vgtx.o
OTG_HS_EP1_IN_IRQHandler                          Debug/startup_stm32f407vgtx.o
OTG_HS_EP1_OUT_IRQHandler                         Debug/startup_stm32f407vgtx.o
OTG_HS_IRQHandler                                 Debug/startup_stm32f407vgtx.o
OTG_HS_WKUP_IRQHandler                            Debug/startup_stm32f407vgtx.o
PVD_IRQHandler                                    Debug/startup_stm32f407vgtx.o
PendSV_Handler                                    Debug/startup_stm32f407vgtx.o
RCC_IRQHandler                                    Debug/startup_stm32f407vgtx.o
RTC_Alarm_IRQHandler                              Debug/startup_stm32f407vgtx.o
RTC_WKUP_IRQHandler                               Debug/startup_stm32f407vgtx.o
Reset_Handler                                     Debug/startup_stm32f407vgtx.o
SDIO_IRQHandler                                   Debug/startup_stm32f407vgtx.o
SPI1_IRQHandler                                   Debug/startup_stm32f407vgtx.o
SPI2_IRQHandler                                   Debug/startup_stm32f407vgtx.o
SPI3_IRQHandler                                   Debug/startup_stm32f407vgtx.o
SVC_Handler                                       Debug/startup_stm32f407vgtx.o
SysTick_Handler                                   Debug/startup_stm32f407vgtx.o
SystemCoreClock                                   Debug/system_stm32f4xx.o
SystemInit                                        Debug/system_stm32f4xx.o
                                                  Debug/startup_stm32f407vgtx.o
TAMP_STAMP_IRQHandler                             Debug/startup_stm32f407vgtx.o
TIM1_BRK_TIM9_IRQHandler                          Debug/startup_stm32f407vgtx.o
TIM1_CC_IRQHandler                                Debug/startup_stm32f407vgtx.o
TIM1_TRG_COM_TIM11_IRQHandler                     Debug/startup_stm32f407vgtx.o
TIM1_UP_TIM10_IRQHandler                          Debug/startup_stm32f407vgtx.o
TIM2_IRQHandler                                   Debug/startup_stm32f407vgtx.o
TIM3_IRQHandler                                   Debug/startup_stm32f407vgtx.o
TIM4_IRQHandler                                   Debug/startup_stm32f407vgtx.o
TIM5_IRQHandler                                   Debug/startup_stm32f407vgtx.o
TIM6_DAC_IRQHandler                               Debug/startup_stm32f407vgtx.o
TIM7_IRQHandler                                   Debug/startup_stm32f407vgtx.o
TIM8_BRK_TIM12_IRQHandler                         Debug/startup_stm32f407vgtx.o
TIM8_CC_IRQHandler                                Debug/startup_stm32f407vgtx.o
TIM8_TRG_COM_TIM14_IRQHandler                     Debug/startup_stm32f407vgtx.o
TIM8_UP_TIM13_IRQHandler                          Debug/startup_stm32f407vgtx.o
UART4_IRQHandler                                  Debug/startup_stm32f407vgtx.o
UART5_IRQHandler                                  Debug/startup_stm32f407vgtx.o
USART1_IRQHandler                                 Debug/startup_stm32f407vgtx.o
USART2_IRQHandler                                 Debug/startup_stm32f407vgtx.o
USART3_IRQHandler                                 Debug/startup_stm32f407vgtx.o
USART6_IRQHandler                                 Debug/startup_stm32f407vgtx.o
UsageFault_Handler                                Debug/startup_stm32f407vgtx.o
WWDG_IRQHandler                                   Debug/startup_stm32f407vgtx.o
_ITM_deregisterTMCloneTable                       /usr/lib/gcc/arm-none-eabi/10.3.1/thumb/v7e-m+fp/softfp/crtbegin.o
_ITM_registerTMCloneTable                         /usr/lib/gcc/arm-none-eabi/10.3.1/thumb/v7e-m+fp/softfp/crtbegin.o
__TMC_END__                                       /usr/lib/gcc/arm-none-eabi/10.3.1/thumb/v7e-m+fp/softfp/crtend.o
                                                  /usr/lib/gcc/arm-none-eabi/10.3.1/thumb/v7e-m+fp/softfp/crtbegin.o
__atexit_dummy                                    /usr/lib/gcc/arm-none-eabi/10.3.1/../../../arm-none-eabi/lib/thumb/v7e-m+fp/softfp/libc_nano.a(lib_a-__atexit.o)
__bss_end__                                       /usr/lib/gcc/arm-none-eabi/10.3.1/../../../arm-none-eabi/lib/thumb/v7e-m+fp/softfp/crt0.o
__bss_start__                                     /usr/lib/gcc/arm-none-eabi/10.3.1/../../../arm-none-eabi/lib/thumb/v7e-m+fp/softfp/crt0.o
__call_exitprocs                                  /usr/lib/gcc/arm-none-eabi/10.3.1/../../../arm-none-eabi/lib/thumb/v7e-m+fp/softfp/libc_nano.a(lib_a-__call_atexit.o)
                                                  /usr/lib/gcc/arm-none-eabi/10.3.1/../../../arm-none-eabi/lib/thumb/v7e-m+fp/softfp/libc_nano.a(lib_a-__atexit.o)
                                                  /usr/lib/gcc/arm-none-eabi/10.3.1/../../../arm-none-eabi/lib/thumb/v7e-m+fp/softfp/libc_nano.a(lib_a-exit.o)
__deregister_frame_info                           /usr/lib/gcc/arm-none-eabi/10.3.1/thumb/v7e-m+fp/softfp/crtbegin.o
__dso_handle                                      /usr/lib/gcc/arm-none-eabi/10.3.1/thumb/v7e-m+fp/softfp/crtbegin.o
__fini_array_end                                  /usr/lib/gcc/arm-none-eabi/10.3.1/../../../arm-none-eabi/lib/thumb/v7e-m+fp/softfp/libc_nano.a(lib_a-fini.o)
__fini_array_start                                /usr/lib/gcc/arm-none-eabi/10.3.1/../../../arm-none-eabi/lib/thumb/v7e-m+fp/softfp/libc_nano.a(lib_a-fini.o)
__init_array_end                                  /usr/lib/gcc/arm-none-eabi/10.3.1/../../../arm-none-eabi/lib/thumb/v7e-m+fp/softfp/libc_nano.a(lib_a-init.o)
__init_array_start                                /usr/lib/gcc/arm-none-eabi/10.3.1/../../../arm-none-eabi/lib/thumb/v7e-m+fp/softfp/libc_nano.a(lib_a-init.o)
__libc_fini_array                                 /usr/lib/gcc/arm-none-eabi/10.3.1/../../../arm-none-eabi/lib/thumb/v7e-m+fp/softfp/libc_nano.a(lib_a-fini.o)
                                                  /usr/lib/gcc/arm-none-eabi/10.3.1/../../../arm-none-eabi/lib/thumb/v7e-m+fp/softfp/crt0.o
__libc_init_array                                 /usr/lib/gcc/arm-none-eabi/10.3.1/../../../arm-none-eabi/lib/thumb/v7e-m+fp/softfp/libc_nano.a(lib_a-init.o)
                                                  Debug/startup_stm32f407vgtx.o
                                                  /usr/lib/gcc/arm-none-eabi/10.3.1/../../../arm-none-eabi/lib/thumb/v7e-m+fp/softfp/crt0.o
__on_exit_args                                    /usr/lib/gcc/arm-none-eabi/10.3.1/../../../arm-none-eabi/lib/thumb/v7e-m+fp/softfp/libc_nano.a(lib_a-__atexit.o)
__preinit_array_end                               /usr/lib/gcc/arm-none-eabi/10.3.1/../../../arm-none-eabi/lib/thumb/v7e-m+fp/softfp/libc_nano.a(lib_a-init.o)
__preinit_array_start                             /usr/lib/gcc/arm-none-eabi/10.3.1/../../../arm-none-eabi/lib/thumb/v7e-m+fp/softfp/libc_nano.a(lib_a-init.o)
__register_exitproc                               /usr/lib/gcc/arm-none-eabi/10.3.1/../../../arm-none-eabi/lib/thumb/v7e-m+fp/softfp/libc_nano.a(lib_a-__atexit.o)
                                                  /usr/lib/gcc/arm-none-eabi/10.3.1/../../../arm-none-eabi/lib/thumb/v7e-m+fp/softfp/libc_nano.a(lib_a-atexit.o)
__register_frame_info                             /usr/lib/gcc/arm-none-eabi/10.3.1/thumb/v7e-m+fp/softfp/crtbegin.o
__sf_fake_stderr                                  /usr/lib/gcc/arm-none-eabi/10.3.1/../../../arm-none-eabi/lib/thumb/v7e-m+fp/softfp/libc_nano.a(lib_a-impure.o)
__sf_fake_stdin                                   /usr/lib/gcc/arm-none-eabi/10.3.1/../../../arm-none-eabi/lib/thumb/v7e-m+fp/softfp/libc_nano.a(lib_a-impure.o)
__sf_fake_stdout                                  /usr/lib/gcc/arm-none-eabi/10.3.1/../../../arm-none-eabi/lib/thumb/v7e-m+fp/softfp/libc_nano.a(lib_a-impure.o)
__stack                                           /usr/lib/gcc/arm-none-eabi/10.3.1/../../../arm-none-eabi/lib/thumb/v7e-m+fp/softfp/crt0.o
_ebss                                             Debug/startup_stm32f407vgtx.o
_edata                                            Debug/startup_stm32f407vgtx.o
_estack                                           Debug/startup_stm32f407vgtx.o
_exit                                             /usr/lib/gcc/arm-none-eabi/10.3.1/../../../arm-none-eabi/lib/thumb/v7e-m+fp/softfp/libnosys.a(_exit.o)
                                                  /usr/lib/gcc/arm-none-eabi/10.3.1/../../../arm-none-eabi/lib/thumb/v7e-m+fp/softfp/libc_nano.a(lib_a-exit.o)
_fini                                             /usr/lib/gcc/arm-none-eabi/10.3.1/thumb/v7e-m+fp/softfp/crti.o
                                                  /usr/lib/gcc/arm-none-eabi/10.3.1/../../../arm-none-eabi/lib/thumb/v7e-m+fp/softfp/libc_nano.a(lib_a-fini.o)
_global_atexit                                    /usr/lib/gcc/arm-none-eabi/10.3.1/../../../arm-none-eabi/lib/thumb/v7e-m+fp/softfp/libc_nano.a(lib_a-__call_atexit.o)
                                                  /usr/lib/gcc/arm-none-eabi/10.3.1/../../../arm-none-eabi/lib/thumb/v7e-m+fp/softfp/libc_nano.a(lib_a-__atexit.o)
_global_impure_ptr                                /usr/lib/gcc/arm-none-eabi/10.3.1/../../../arm-none-eabi/lib/thumb/v7e-m+fp/softfp/libc_nano.a(lib_a-impure.o)
                                                  /usr/lib/gcc/arm-none-eabi/10.3.1/../../../arm-none-eabi/lib/thumb/v7e-m+fp/softfp/libc_nano.a(lib_a-exit.o)
_impure_ptr                                       /usr/lib/gcc/arm-none-eabi/10.3.1/../../../arm-none-eabi/lib/thumb/v7e-m+fp/softfp/libc_nano.a(lib_a-impure.o)
_init                                             /usr/lib/gcc/arm-none-eabi/10.3.1/thumb/v7e-m+fp/softfp/crti.o
                                                  /usr/lib/gcc/arm-none-eabi/10.3.1/../../../arm-none-eabi/lib/thumb/v7e-m+fp/softfp/libc_nano.a(lib_a-init.o)
_mainCRTStartup                                   /usr/lib/gcc/arm-none-eabi/10.3.1/../../../arm-none-eabi/lib/thumb/v7e-m+fp/softfp/crt0.o
_sbss                                             Debug/startup_stm32f407vgtx.o
_sdata                                            Debug/startup_stm32f407vgtx.o
_sidata                                           Debug/startup_stm32f407vgtx.o
_stack_init                                       /usr/lib/gcc/arm-none-eabi/10.3.1/../../../arm-none-eabi/lib/thumb/v7e-m+fp/softfp/crt0.o
_start                                            /usr/lib/gcc/arm-none-eabi/10.3.1/../../../arm-none-eabi/lib/thumb/v7e-m+fp/softfp/crt0.o
atexit                                            /usr/lib/gcc/arm-none-eabi/10.3.1/../../../arm-none-eabi/lib/thumb/v7e-m+fp/softfp/libc_nano.a(lib_a-atexit.o)
                                                  /usr/lib/gcc/arm-none-eabi/10.3.1/../../../arm-none-eabi/lib/thumb/v7e-m+fp/softfp/crt0.o
exit                                              /usr/lib/gcc/arm-none-eabi/10.3.1/../../../arm-none-eabi/lib/thumb/v7e-m+fp/softfp/libc_nano.a(lib_a-exit.o)
                                                  /usr/lib/gcc/arm-none-eabi/10.3.1/../../../arm-none-eabi/lib/thumb/v7e-m+fp/softfp/crt0.o
hardware_init_hook                                /usr/lib/gcc/arm-none-eabi/10.3.1/../../../arm-none-eabi/lib/thumb/v7e-m+fp/softfp/crt0.o
isr_vector                                        Debug/startup_stm32f407vgtx.o
main                                              Debug/uart.o
                                                  Debug/startup_stm32f407vgtx.o
                                                  /usr/lib/gcc/arm-none-eabi/10.3.1/../../../arm-none-eabi/lib/thumb/v7e-m+fp/softfp/crt0.o
malloc                                            /usr/lib/gcc/arm-none-eabi/10.3.1/../../../arm-none-eabi/lib/thumb/v7e-m+fp/softfp/libc_nano.a(lib_a-__atexit.o)
memset                                            /usr/lib/gcc/arm-none-eabi/10.3.1/../../../arm-none-eabi/lib/thumb/v7e-m+fp/softfp/libc_nano.a(lib_a-memset.o)
                                                  /usr/lib/gcc/arm-none-eabi/10.3.1/../../../arm-none-eabi/lib/thumb/v7e-m+fp/softfp/crt0.o
msg                                               Debug/uart.o
set_sysclk_to_168                                 Debug/system_stm32f4xx.o
                                                  Debug/uart.o
software_init_hook                                /usr/lib/gcc/arm-none-eabi/10.3.1/../../../arm-none-eabi/lib/thumb/v7e-m+fp/softfp/crt0.o
